     1                                  bits 32 ; assembling for the 32 bits architecture
     2                                  
     3                                  ; declare the EntryPoint (a label defining the very first instruction of the program)
     4                                  global start        
     5                                  
     6                                  ; declare external functions needed by our program
     7                                  extern exit               ; tell nasm that exit exists even if we won't be defining it
     8                                  import exit msvcrt.dll    ; exit is a function that ends the calling process. It is defined in msvcrt.dll
     9                                                            ; msvcrt.dll contains exit, printf and all the other important C-runtime specific functions
    10                                  
    11                                  ; our data is declared here (the variables needed by our program)
    12                                  segment data use32 class=data
    13                                      ; ...
    14 00000000 07                          a db 7;
    15 00000001 03                          b db 3;
    16 00000002 01                          c db 1;
    17 00000003 03                          d db 3;
    18                                  ; our code starts here
    19                                  segment code use32 class=code
    20                                      start:
    21                                          ; ...
    22                                          ;(a+(b-c))*3
    23 00000000 B000                            mov al,0
    24 00000002 0205[00000000]                  add al,[a]
    25 00000008 0205[01000000]                  add al,[b]
    26 0000000E 2A05[02000000]                  sub al,[c]
    27 00000014 B303                            mov bl,3
    28 00000016 F6E3                            mul bl
    29                                          
    30                                      
    31                                          ; exit(0)
    32 00000018 6A00                            push    dword 0      ; push the parameter for exit onto the stack
    33 0000001A FF15[00000000]                  call    [exit]       ; call exit to terminate the program
